// Jest Snapshot v1, https://goo.gl/fbAQLP

exports[`BoolAnt should render a checkbox by default 1`] = `
<span>
  <Checkbox
    data-testid="TheId"
    disabled={false}
    id="the_id"
    indeterminate={true}
    onChange={[Function]}
    readOnly={false}
  >
    oh
  </Checkbox>
</span>
`;

exports[`BoolFormAnt should render a checkbox by default 1`] = `
<FormItemAnt
  operation="bound BoolImpl"
>
  <BoolAnt
    disabled={false}
    id="the_id"
    operation="bound BoolImpl"
    readOnly={false}
  />
</FormItemAnt>
`;
