// Jest Snapshot v1, https://goo.gl/fbAQLP

exports[`DatePickerAnt should render a date picker by default 1`] = `
<PickerWrapper
  data-testid="TheId"
  disabled={false}
  id="the_id"
  label="oh"
  locale={Object {}}
  onChange={[Function]}
  onOk={[Function]}
  onOpenChange={[Function]}
  popupStyle={Object {}}
  readOnly={false}
  transitionName="slide-up"
/>
`;

exports[`DatePickerFormAnt should render form item with a date picker by default 1`] = `
<FormItemAnt
  operation="bound DateImpl"
>
  <DatePickerAnt
    disabled={false}
    id="the_id"
    operation="bound DateImpl"
    readOnly={false}
  />
</FormItemAnt>
`;
