// Jest Snapshot v1, https://goo.gl/fbAQLP

exports[`FormItemAnt should render a form item by default 1`] = `
<FormItem
  data-testid="id-test_form-formItem"
  hasFeedback={false}
  help={null}
  htmlFor="id-test_form-formItem"
/>
`;
