// Jest Snapshot v1, https://goo.gl/fbAQLP

exports[`NumericAnt should render a numeric input by default 1`] = `
<InputNumber
  data-testid="TheId"
  disabled={false}
  formatter={[Function]}
  id="the_id"
  label="oh"
  onChange={[Function]}
  parser={[Function]}
  placeholder="Interval"
  readOnly={false}
  step={1}
/>
`;

exports[`NumericFormAnt should render form item with a text input by default 1`] = `
<FormItemAnt
  operation="bound NumericImpl"
>
  <NumericAnt
    disabled={false}
    id="the_id"
    operation="bound NumericImpl"
    readOnly={false}
  />
</FormItemAnt>
`;
