// Jest Snapshot v1, https://goo.gl/fbAQLP

exports[`TimePickerAnt should render a time picker by default 1`] = `
<TimePicker
  align={
    Object {
      "offset": Array [
        0,
        -2,
      ],
    }
  }
  data-testid="TheId"
  disabled={false}
  focusOnOpen={true}
  hideDisabledOptions={false}
  id="the_id"
  label="oh"
  onChange={[Function]}
  placement="bottomLeft"
  readOnly={false}
  transitionName="slide-up"
/>
`;

exports[`TimePickerFormAnt should render form item with a time picker by default 1`] = `
<FormItemAnt
  operation="bound TimeImpl"
>
  <TimePickerAnt
    disabled={false}
    id="the_id"
    operation="bound TimeImpl"
    readOnly={false}
  />
</FormItemAnt>
`;
